
 INTDER2005

 A GENERAL PROGRAM DEVELOPED BY WESLEY D. ALLEN AND CO-WORKERS
 WHICH PERFORMS VARIOUS VIBRATIONAL ANALYSES AND HIGHER-ORDER
 NONLINEAR TRANSFORMATIONS AMONG FORCE FIELD REPRESENTATIONS

   PROGRAM OPTIONS

   NA      NSYM       NEQ      NINV     NTEST     NFREQ      NVEC     NDISP
        NS      NDER      NPRT      NDUM     NGEOM     IRINT     NSTOP     NMODE
    3    3    3    0    0    3    0    0    0    1    0    0    0    1    1    0


 NUCLEAR CARTESIAN COORDINATES (BOHR)

         0.0000000000        1.8284678640       -2.0729821730
         0.0000000000       -0.1927158540       -1.4422825000
         0.0000000000        0.0248296780        1.0218067680


 DEFINITION OF INTERNAL COORDINATES

 SIMPLE INTERNAL COORDINATES

L( 1)=   STRE    1    2    0    0     
L( 2)=   STRE    2    3    0    0     
L( 3)=   BEND    1    2    3    0     

 SYMMETRY INTERNAL COORDINATES

S( 1)=   1.0000000000 L( 1)
S( 2)=   1.0000000000 L( 2)
S( 3)=   1.0000000000 L( 3)


 INTERNAL DISPLACEMENT SUBROUTINE




 VALUES OF SIMPLE INTERNAL COORDINATES (ANG. OR DEG.) FOR REFERENCE GEOMETRY

   1    1.1204277903   2    1.3090118868   3  102.2849001394



 VALUES OF SYMMETRY INTERNAL COORDINATES (ANG. OR RAD.) FOR REFERENCE GEOMETRY

   1    1.1204277903   2    1.3090118868   3    1.7852082825

 DISPLACEMENT    1

 INTERNAL DISPLACEMENTS

    1       -0.0000257755
    2       -0.0000250520
    3       -0.0000460912


 INTERNAL (SYMMETRY) COORDINATE FINAL VALUES

    1        1.1204020147
    2        1.3089868348
    3        1.7851621914

  ITER =     1   MAX INTERNAL DEVIATION =  0.461E-04

 DETERMINANT OF B*BT MATRIX=  9.1515    


 A MATRIX FOR (SYMMETRY) INTERNAL COORDINATES

 I=           1
    0.000000    0.000000    0.000000
 I=           2
    0.508311    0.080323    0.060190
 I=           3
   -0.330092   -0.219481   -0.422814
 I=           4
    0.000000    0.000000    0.000000
 I=           5
   -0.381237    0.024640    0.250369
 I=           6
    0.176266   -0.397925    0.186646
 I=           7
    0.000000    0.000000    0.000000
 I=           8
   -0.127074   -0.104963   -0.310559
 I=           9
    0.153827    0.617406    0.236168

  ITER =     2   MAX INTERNAL DEVIATION =  0.987E-09

 DETERMINANT OF B*BT MATRIX=  9.1517    


 A MATRIX FOR (SYMMETRY) INTERNAL COORDINATES

 I=           1
    0.000000    0.000000    0.000000
 I=           2
    0.508316    0.080316    0.060198
 I=           3
   -0.330079   -0.219478   -0.422813
 I=           4
    0.000000    0.000000    0.000000
 I=           5
   -0.381244    0.024637    0.250357
 I=           6
    0.176262   -0.397928    0.186641
 I=           7
    0.000000    0.000000    0.000000
 I=           8
   -0.127072   -0.104953   -0.310555
 I=           9
    0.153817    0.617406    0.236173

  ITER =     3   MAX INTERNAL DEVIATION =  0.222E-15

 NEW CARTESIAN GEOMETRY FOUND IN     3 ITERATIONS.

ECKART CONDITION VECTORS

        0.0000000000        0.0000000000        0.0000000000
        0.0000000000        0.0000000000        0.0000000000

 NEW CARTESIAN GEOMETRY (BOHR)

        0.0000000000        1.8284340594       -2.0729188776
        0.0000000000       -0.1927202572       -1.4422885037
        0.0000000000        0.0248678859        1.0217494763
